// Jest Snapshot v1, https://goo.gl/fbAQLP

exports[`Ret basic 1`] = `
<div>
  <taro-block-core>
    <taro-view-core
      style="display: flex; height: 100vh; text-align: center; align-items: center; justify-content: center; flex-direction: column;"
    >
      <taro-image-core
        mode="center"
        src="https://gw.alipayobjects.com/zos/rmsportal/GIyMDJnuqmcqPLpHCSkj.svg"
        style="margin-bottom: 1rem;"
      />
      <taro-view-core
        style="margin-bottom: 1rem; font-size: 1.125rem;"
      >
        error
      </taro-view-core>
    </taro-view-core>
  </taro-block-core>
</div>
`;
